<?xml version="1.0" encoding="utf-8"?><testsuites><testsuite errors="0" failures="0" name="pytest" skipped="0" tests="5" time="0.044"><testcase classname="app.tests.integration.blog_test.BlogTest" file="app/tests/integration/blog_test.py" line="12" name="test_blog_repr" time="0.001"></testcase><testcase classname="app.tests.integration.blog_test.BlogTest" file="app/tests/integration/blog_test.py" line="5" name="test_create_post_in_blog" time="0.001"></testcase><testcase classname="app.tests.integration.blog_test.BlogTest" file="app/tests/integration/blog_test.py" line="17" name="test_json_with_posts" time="0.001"></testcase><testcase classname="app.tests.unit.post_test.PostTest" file="app/tests/unit/post_test.py" line="3" name="test_create_post" time="0.001"></testcase><testcase classname="app.tests.unit.post_test.PostTest" file="app/tests/unit/post_test.py" line="9" name="test_json" time="0.001"></testcase></testsuite></testsuites>
